c:\users\cameron\game2\build_msvc\game.dir\release\game_app.obj
c:\users\cameron\game2\build_msvc\game.dir\release\networking.obj
c:\users\cameron\game2\build_msvc\game.dir\release\input.obj
c:\users\cameron\game2\build_msvc\game.dir\release\window.obj
c:\users\cameron\game2\build_msvc\game.dir\release\app.obj
c:\users\cameron\game2\build_msvc\game.dir\release\main.obj
c:\users\cameron\game2\build_msvc\game.dir\release\imgui_widgets.obj
c:\users\cameron\game2\build_msvc\game.dir\release\imgui_tables.obj
c:\users\cameron\game2\build_msvc\game.dir\release\imgui_draw.obj
c:\users\cameron\game2\build_msvc\game.dir\release\imgui.obj
c:\users\cameron\game2\build_msvc\game.dir\release\rlimgui.obj
c:\users\cameron\game2\build_msvc\game.dir\release\world_gen.obj
c:\users\cameron\game2\build_msvc\game.dir\release\chunk_manager.obj
c:\users\cameron\game2\build_msvc\game.dir\release\thread_pool.obj
c:\users\cameron\game2\build_msvc\game.dir\release\noise.obj
c:\users\cameron\game2\build_msvc\game.dir\release\editor_system.obj
c:\users\cameron\game2\build_msvc\game.dir\release\network_system.obj
c:\users\cameron\game2\build_msvc\game.dir\release\render_system.obj
c:\users\cameron\game2\build_msvc\game.dir\release\spawner_system.obj
c:\users\cameron\game2\build_msvc\game.dir\release\enemy_system.obj
c:\users\cameron\game2\build_msvc\game.dir\release\combat_system.obj
c:\users\cameron\game2\build_msvc\game.dir\release\player_system.obj
c:\users\cameron\game2\build_msvc\game.dir\release\hud.obj
c:\users\cameron\game2\build_msvc\game.dir\release\menu_screens.obj
c:\users\cameron\game2\build_msvc\game.dir\release\entity_factory.obj
c:\users\cameron\game2\build_msvc\game.dir\release\hydrology.obj
c:\users\cameron\game2\build_msvc\game.dir\release\sky.obj
c:\users\cameron\game2\build_msvc\cmakefiles\generate.stamp
c:\users\cameron\game2\build_msvc\release\game.exe
c:\users\cameron\game2\build_msvc\game.dir\release\systems.obj
c:\users\cameron\game2\build_msvc\game.dir\release\game.tlog\cl.command.1.tlog
c:\users\cameron\game2\build_msvc\game.dir\release\game.tlog\cl.items.tlog
c:\users\cameron\game2\build_msvc\game.dir\release\game.tlog\cl.read.1.tlog
c:\users\cameron\game2\build_msvc\game.dir\release\game.tlog\cl.write.1.tlog
c:\users\cameron\game2\build_msvc\game.dir\release\game.tlog\custombuild.command.1.tlog
c:\users\cameron\game2\build_msvc\game.dir\release\game.tlog\custombuild.read.1.tlog
c:\users\cameron\game2\build_msvc\game.dir\release\game.tlog\custombuild.write.1.tlog
c:\users\cameron\game2\build_msvc\game.dir\release\game.tlog\link.command.1.tlog
c:\users\cameron\game2\build_msvc\game.dir\release\game.tlog\link.read.1.tlog
c:\users\cameron\game2\build_msvc\game.dir\release\game.tlog\link.write.1.tlog
