c:\users\cameron\game2\build_msvc\_deps\raylib-build\raylib\external\glfw\src\glfw.dir\release\win32_window.obj
c:\users\cameron\game2\build_msvc\_deps\raylib-build\raylib\external\glfw\src\glfw.dir\release\win32_monitor.obj
c:\users\cameron\game2\build_msvc\_deps\raylib-build\raylib\external\glfw\src\glfw.dir\release\win32_joystick.obj
c:\users\cameron\game2\build_msvc\_deps\raylib-build\raylib\external\glfw\src\glfw.dir\release\win32_init.obj
c:\users\cameron\game2\build_msvc\_deps\raylib-build\raylib\external\glfw\src\glfw.dir\release\win32_thread.obj
c:\users\cameron\game2\build_msvc\_deps\raylib-build\raylib\external\glfw\src\glfw.dir\release\win32_time.obj
c:\users\cameron\game2\build_msvc\_deps\raylib-build\raylib\external\glfw\src\glfw.dir\release\win32_module.obj
c:\users\cameron\game2\build_msvc\_deps\raylib-build\raylib\external\glfw\src\glfw.dir\release\null_joystick.obj
c:\users\cameron\game2\build_msvc\_deps\raylib-build\raylib\external\glfw\src\glfw.dir\release\null_window.obj
c:\users\cameron\game2\build_msvc\_deps\raylib-build\raylib\external\glfw\src\glfw.dir\release\null_monitor.obj
c:\users\cameron\game2\build_msvc\_deps\raylib-build\raylib\external\glfw\src\glfw.dir\release\null_init.obj
c:\users\cameron\game2\build_msvc\_deps\raylib-build\raylib\external\glfw\src\glfw.dir\release\osmesa_context.obj
c:\users\cameron\game2\build_msvc\_deps\raylib-build\raylib\external\glfw\src\glfw.dir\release\egl_context.obj
c:\users\cameron\game2\build_msvc\_deps\raylib-build\raylib\external\glfw\src\glfw.dir\release\window.obj
c:\users\cameron\game2\build_msvc\_deps\raylib-build\raylib\external\glfw\src\glfw.dir\release\vulkan.obj
c:\users\cameron\game2\build_msvc\_deps\raylib-build\raylib\external\glfw\src\glfw.dir\release\platform.obj
c:\users\cameron\game2\build_msvc\_deps\raylib-build\raylib\external\glfw\src\glfw.dir\release\monitor.obj
c:\users\cameron\game2\build_msvc\_deps\raylib-build\raylib\external\glfw\src\glfw.dir\release\input.obj
c:\users\cameron\game2\build_msvc\_deps\raylib-build\raylib\external\glfw\src\glfw.dir\release\init.obj
c:\users\cameron\game2\build_msvc\_deps\raylib-build\raylib\external\glfw\src\glfw.dir\release\context.obj
c:\users\cameron\game2\build_msvc\_deps\raylib-build\raylib\external\glfw\src\glfw.dir\release\wgl_context.obj
c:\users\cameron\game2\build_msvc\_deps\raylib-build\raylib\external\glfw\src\cmakefiles\generate.stamp
c:\users\cameron\game2\build_msvc\_deps\raylib-build\raylib\external\glfw\src\glfw.dir\release\glfw.lib
c:\users\cameron\game2\build_msvc\_deps\raylib-build\raylib\external\glfw\src\glfw.dir\release\glfw.tlog\cl.command.1.tlog
c:\users\cameron\game2\build_msvc\_deps\raylib-build\raylib\external\glfw\src\glfw.dir\release\glfw.tlog\cl.items.tlog
c:\users\cameron\game2\build_msvc\_deps\raylib-build\raylib\external\glfw\src\glfw.dir\release\glfw.tlog\cl.read.1.tlog
c:\users\cameron\game2\build_msvc\_deps\raylib-build\raylib\external\glfw\src\glfw.dir\release\glfw.tlog\cl.write.1.tlog
c:\users\cameron\game2\build_msvc\_deps\raylib-build\raylib\external\glfw\src\glfw.dir\release\glfw.tlog\custombuild.command.1.tlog
c:\users\cameron\game2\build_msvc\_deps\raylib-build\raylib\external\glfw\src\glfw.dir\release\glfw.tlog\custombuild.read.1.tlog
c:\users\cameron\game2\build_msvc\_deps\raylib-build\raylib\external\glfw\src\glfw.dir\release\glfw.tlog\custombuild.write.1.tlog
c:\users\cameron\game2\build_msvc\_deps\raylib-build\raylib\external\glfw\src\glfw.dir\release\glfw.tlog\lib-link.read.1.tlog
c:\users\cameron\game2\build_msvc\_deps\raylib-build\raylib\external\glfw\src\glfw.dir\release\glfw.tlog\lib-link.write.1.tlog
c:\users\cameron\game2\build_msvc\_deps\raylib-build\raylib\external\glfw\src\glfw.dir\release\glfw.tlog\lib.command.1.tlog
